=======================
Tests for matrix_divided
=======================

>>> import importlib
>>> matrix_divided = importlib.import_module('2-matrix_divided').matrix_divided

>>> matrix = [
...     [1, 2, 3],
...     [4, 5, 6]
... ]
>>> matrix_divided(matrix, 2)
[[0.5, 1.0, 1.5], [2.0, 2.5, 3.0]]

>>> matrix = [
...     [1, 2, 3],
...     [4, 5]
... ]
>>> matrix_divided(matrix, 2)
Traceback (most recent call last):
    ...
TypeError: Each row of the matrix must have the same size

>>> matrix = [
...     [1, 2, 3],
...     [4, 5, 6]
... ]
>>> matrix_divided(matrix, "School")
Traceback (most recent call last):
    ...
TypeError: div must be a number

>>> matrix = [
...     [1, 2, 3],
...     [4, 5, 6]
... ]
>>> matrix_divided(matrix, 0)
Traceback (most recent call last):
    ...
ZeroDivisionError: division by zero

>>> matrix = [
...     [1, 2],
...     ["a", 4]
... ]
>>> matrix_divided(matrix, 2)
Traceback (most recent call last):
    ...
TypeError: matrix must be a matrix (list of lists) of integers/floats

>>> matrix = (
...     [1, 2, 3],
...     [4, 5, 6]
... )
>>> matrix_divided(matrix, 2)
Traceback (most recent call last):
    ...
TypeError: matrix must be a matrix (list of lists) of integers/floats

>>> matrix = [
...     [1.5, 2.5],
...     [3.5, 4.5]
... ]
>>> matrix_divided(matrix, 2)
[[0.75, 1.25], [1.75, 2.25]]

>>> matrix = [[5]]
>>> matrix_divided(matrix, 2)
[[2.5]]

>>> matrix = []
>>> matrix_divided(matrix, 2)
[]

>>> matrix = [
...     [-1, -2, -3],
...     [-4, -5, -6]
... ]
>>> matrix_divided(matrix, 2)
[[-0.5, -1.0, -1.5], [-2.0, -2.5, -3.0]]
